org/apache/synapse/securevault/secret/handler/JBossEncryptionSecretCallbackHandler.class
org/apache/synapse/securevault/secret/SecretCallback.class
org/apache/synapse/securevault/SymmetricCipher.class
org/apache/synapse/securevault/definition/KeyStoreInformation$1.class
org/apache/synapse/securevault/DecryptionProvider.class
org/apache/synapse/securevault/SecureVaultException.class
org/apache/synapse/securevault/definition/KeyStoreInformation.class
org/apache/synapse/securevault/secret/mbean/JMXSecretsProvider.class
org/apache/synapse/securevault/tool/CipherTool.class
org/apache/synapse/securevault/secret/SecretLoadingModule.class
org/apache/synapse/securevault/secret/handler/SecretManagerSecretCallbackHandler.class
org/apache/synapse/securevault/commons/MBeanRegistrar.class
org/apache/synapse/securevault/secret/handler/JMXSecretCallbackHandler.class
org/apache/synapse/securevault/secret/repository/FileBaseSecretRepositoryProvider.class
org/apache/synapse/securevault/secret/SecretCallbackHandlerFactory.class
org/apache/synapse/securevault/IKeyStoreLoader.class
org/apache/synapse/securevault/secret/AbstractSecretCallbackHandler.class
org/apache/synapse/securevault/keystore/PKCS8KeyStoreLoader.class
org/apache/synapse/securevault/keystore/AbstractKeyStoreLoader.class
org/apache/synapse/securevault/definition/TrustKeyStoreInformation.class
org/apache/synapse/securevault/keystore/TrustKeyStoreWrapper.class
org/apache/synapse/securevault/AsymmetricCipher.class
org/apache/synapse/securevault/ICACertsLoader.class
org/apache/synapse/securevault/SecretResolver.class
org/apache/synapse/securevault/commons/MiscellaneousUtil.class
org/apache/synapse/securevault/secret/mbean/JMXSecretsProviderMBean.class
org/apache/synapse/securevault/secret/handler/HardCodedSecretCallbackHandler.class
org/apache/synapse/securevault/CipherFactory.class
org/apache/synapse/securevault/EncodingHelper$1.class
org/apache/synapse/securevault/definition/CipherInformation.class
org/apache/synapse/securevault/PasswordManager.class
org/apache/synapse/securevault/secret/SecretInformation.class
org/apache/synapse/securevault/keystore/KeyStoreWrapper.class
org/apache/synapse/securevault/SecurityConstants.class
org/apache/synapse/securevault/KeyStoreType.class
org/apache/synapse/securevault/SecretResolverFactory.class
org/apache/synapse/securevault/secret/SingleSecretCallback.class
org/apache/synapse/securevault/secret/repository/FileBaseSecretRepository.class
org/apache/synapse/securevault/secret/SecretManager.class
org/apache/synapse/securevault/keystore/CACertsLoader.class
org/apache/synapse/securevault/secret/handler/SharedSecretCallbackHandler.class
org/apache/synapse/securevault/EncodingHelper.class
org/apache/synapse/securevault/secret/mbean/SecretManagerAdminMBean.class
org/apache/synapse/securevault/keystore/JKSKeyStoreLoader.class
org/apache/synapse/securevault/secret/SecretRepository.class
org/apache/synapse/securevault/keystore/PKCS12KeyStoreLoader.class
org/apache/synapse/securevault/secret/handler/JlineSecretCallbackHandler.class
org/apache/synapse/securevault/secret/handler/SharedSecretCallbackHandlerCache.class
org/apache/synapse/securevault/keystore/IdentityKeyStoreWrapper.class
org/apache/synapse/securevault/secret/SecretRepositoryProvider.class
org/apache/synapse/securevault/definition/IdentityKeyStoreInformation.class
org/apache/synapse/securevault/BaseCipher.class
org/apache/synapse/securevault/CipherOperationMode.class
org/apache/synapse/securevault/EncryptionProvider.class
org/apache/synapse/securevault/definition/KeyStoreInformationFactory.class
org/apache/synapse/securevault/secret/SecretCallbackHandler.class
org/apache/synapse/securevault/secret/SecretInformationFactory.class
org/apache/synapse/securevault/secret/MultiSecretCallback.class
org/apache/synapse/securevault/EncodingType.class
